<html>
<body>
<pre>
<h1>µVision Build Log</h1>
<h2>Tool Versions:</h2>
IDE-Version: µVision V5.33.0.0
Copyright (C) 2020 ARM Ltd and ARM Germany GmbH. All rights reserved.
License Information: 1231 123, 1231, LIC=8MZI6-DLNJL-HR0XN-YP29P-G89HE-EWFHN
 
Tool Versions:
Toolchain:       MDK-ARM Professional  Version: 5.33.0.0
Toolchain Path:  C:\Keil_v5\ARM\ARMCC\Bin
C Compiler:      Armcc.exe V5.06 update 7 (build 960)
Assembler:       Armasm.exe V5.06 update 7 (build 960)
Linker/Locator:  ArmLink.exe V5.06 update 7 (build 960)
Library Manager: ArmAr.exe V5.06 update 7 (build 960)
Hex Converter:   FromElf.exe V5.06 update 7 (build 960)
CPU DLL:         SARMCM3.DLL V5.33.0.0
Dialog DLL:      DCM.DLL V1.17.3.0
Target DLL:      STLink\ST-LINKIII-KEIL_SWO.dll V3.0.8.0
Dialog DLL:      TCM.DLL V1.48.0.0
 
<h2>Project:</h2>
C:\Users\a2051\Desktop\HW2\MDK-ARM\HW2.uvprojx
Project File Date:  12/09/2020

<h2>Output:</h2>
*** Using Compiler 'V5.06 update 7 (build 960)', folder: 'C:\Keil_v5\ARM\ARMCC\Bin'
Build target 'HW2'
compiling DIGIDLG.c...
..\STemWin\App\DIGIDLG.c(135): warning:  #177-D: variable "pData"  was declared but never referenced
    const void * pData;
..\STemWin\App\DIGIDLG.c(136): warning:  #177-D: variable "hItem"  was declared but never referenced
    WM_HWIN      hItem;
..\STemWin\App\DIGIDLG.c(137): warning:  #177-D: variable "hWin"  was declared but never referenced
  	WM_HWIN 		 hWin;
..\STemWin\App\DIGIDLG.c(138): warning:  #177-D: variable "FileSize"  was declared but never referenced
    U32          FileSize;
..\STemWin\App\DIGIDLG.c(101): warning:  #177-D: function "_GetImageById"  was declared but never referenced
  static const void * _GetImageById(U32 Id, U32 * pSize) {
..\STemWin\App\DIGIDLG.c: 5 warnings, 0 errors
linking...
Program Size: Code=138664 RO-data=24988 RW-data=764 ZI-data=54644  
FromELF: creating hex file...
"HW2\HW2.axf" - 0 Error(s), 5 Warning(s).

<h2>Software Packages used:</h2>

Package Vendor: ARM
                http://www.keil.com/pack/ARM.CMSIS.5.7.0.pack
                ARM.CMSIS.5.7.0
                CMSIS (Cortex Microcontroller Software Interface Standard)
   * Component: CORE Version: 5.4.0

Package Vendor: Keil
                http://www.keil.com/pack/Keil.STM32F7xx_DFP.2.13.0.pack
                Keil.STM32F7xx_DFP.2.13.0
                STMicroelectronics STM32F7 Series Device Support, Drivers and Examples

<h2>Collection of Component include folders:</h2>
  .\RTE\_HW2
  C:\Users\a2051\AppData\Local\Arm\Packs\ARM\CMSIS\5.7.0\CMSIS\Core\Include
  C:\Users\a2051\AppData\Local\Arm\Packs\Keil\STM32F7xx_DFP\2.13.0\Drivers\CMSIS\Device\ST\STM32F7xx\Include

<h2>Collection of Component Files used:</h2>

   * Component: ARM::CMSIS:CORE:5.4.0
Build Time Elapsed:  00:00:04
</pre>
</body>
</html>
